2026-09-01 23:35:58,226 | INFO | scope=E3 P1 strengthened full detection step device=cpu batches=2 batch=2 imgsz=64
2026-09-01 23:36:13,308 | ERROR | strengthened benchmark failed
Traceback (most recent call last):
  File "C:\Users\23145\Desktop\腾讯犀牛鸟\实战阶段\YOLO-Master-E3-P1\src\e3_p1\strengthened.py", line 555, in run
    summary, rows, samples = _benchmark_family(
                             ^^^^^^^^^^^^^^^^^^
  File "C:\Users\23145\Desktop\腾讯犀牛鸟\实战阶段\YOLO-Master-E3-P1\src\e3_p1\strengthened.py", line 368, in _benchmark_family
    result = _full_detection_step(
             ^^^^^^^^^^^^^^^^^^^^^
  File "C:\Users\23145\Desktop\腾讯犀牛鸟\实战阶段\YOLO-Master-E3-P1\src\e3_p1\strengthened.py", line 217, in _full_detection_step
    losses, loss_items = model.loss(batch)
                         ^^^^^^^^^^^^^^^^^
  File "C:\Users\23145\Desktop\腾讯犀牛鸟\实战阶段\YOLO-Master-main-07d3303\ultralytics\nn\tasks.py", line 476, in loss
    return self.criterion(preds, batch)
           ^^^^^^^^^^^^^^^^^^^^^^^^^^^^
  File "C:\Users\23145\Desktop\腾讯犀牛鸟\实战阶段\YOLO-Master-main-07d3303\ultralytics\nn\mixture_loss.py", line 398, in __call__
    native_result = self.native_criterion(preds, batch)
                    ^^^^^^^^^^^^^^^^^^^^^^^^^^^^^^^^^^^
  File "C:\Users\23145\Desktop\腾讯犀牛鸟\实战阶段\YOLO-Master-main-07d3303\ultralytics\utils\loss.py", line 1219, in __call__
    loss_one2many = self.one2many.loss(one2many, batch)
                    ^^^^^^^^^^^^^^^^^^^^^^^^^^^^^^^^^^^
  File "C:\Users\23145\Desktop\腾讯犀牛鸟\实战阶段\YOLO-Master-main-07d3303\ultralytics\utils\loss.py", line 490, in loss
    loss, loss_detach = self.get_assigned_targets_and_loss(preds, batch)[1:]
                        ^^^^^^^^^^^^^^^^^^^^^^^^^^^^^^^^^^^^^^^^^^^^^^^^
  File "C:\Users\23145\Desktop\腾讯犀牛鸟\实战阶段\YOLO-Master-main-07d3303\ultralytics\utils\loss.py", line 464, in get_assigned_targets_and_loss
    loss[0] *= self.hyp.box  # box gain
               ^^^^^^^^^^^^
AttributeError: 'dict' object has no attribute 'box'
