2026-09-03 00:29:24,960 | INFO | family=moe phase=warmup pair=0 order=off/capture_jsonl epoch_off_ms=4187.059 epoch_on_ms=4500.358 equivalent=PASS
2026-09-03 00:29:33,976 | INFO | family=moe phase=warmup pair=1 order=capture_jsonl/off epoch_off_ms=3405.184 epoch_on_ms=3063.940 equivalent=PASS
2026-09-03 00:29:43,334 | INFO | family=moe phase=measured pair=0 order=off/capture_jsonl epoch_off_ms=3159.069 epoch_on_ms=3843.984 equivalent=PASS
2026-09-03 00:29:56,076 | INFO | family=moe phase=measured pair=1 order=capture_jsonl/off epoch_off_ms=5521.480 epoch_on_ms=4228.526 equivalent=PASS
2026-09-03 00:30:12,385 | INFO | family=moe phase=measured pair=2 order=off/capture_jsonl epoch_off_ms=7105.732 epoch_on_ms=6530.608 equivalent=PASS
2026-09-03 00:30:25,852 | INFO | family=moe phase=measured pair=3 order=capture_jsonl/off epoch_off_ms=4712.379 epoch_on_ms=5560.107 equivalent=PASS
2026-09-03 00:30:38,910 | INFO | family=moe phase=measured pair=4 order=off/capture_jsonl epoch_off_ms=4288.272 epoch_on_ms=6431.374 equivalent=PASS
2026-09-03 00:31:07,980 | INFO | family=moe phase=measured pair=5 order=capture_jsonl/off epoch_off_ms=17359.216 epoch_on_ms=8394.921 equivalent=PASS
2026-09-03 00:31:35,899 | INFO | family=mot phase=warmup pair=0 order=off/capture_jsonl epoch_off_ms=12699.538 epoch_on_ms=12155.204 equivalent=PASS
2026-09-03 00:32:03,065 | INFO | family=mot phase=warmup pair=1 order=capture_jsonl/off epoch_off_ms=15197.294 epoch_on_ms=10320.019 equivalent=PASS
2026-09-03 00:32:16,837 | INFO | family=mot phase=measured pair=0 order=off/capture_jsonl epoch_off_ms=6832.802 epoch_on_ms=5418.473 equivalent=PASS
2026-09-03 00:32:36,769 | INFO | family=mot phase=measured pair=1 order=capture_jsonl/off epoch_off_ms=6330.653 epoch_on_ms=12054.865 equivalent=PASS
2026-09-03 00:32:55,615 | INFO | family=mot phase=measured pair=2 order=off/capture_jsonl epoch_off_ms=11887.304 epoch_on_ms=4844.608 equivalent=PASS
2026-09-03 00:33:21,333 | INFO | family=mot phase=measured pair=3 order=capture_jsonl/off epoch_off_ms=20558.561 epoch_on_ms=3280.623 equivalent=PASS
2026-09-03 00:33:43,543 | INFO | family=mot phase=measured pair=4 order=off/capture_jsonl epoch_off_ms=12568.768 epoch_on_ms=6822.486 equivalent=PASS
2026-09-03 00:33:55,249 | INFO | family=mot phase=measured pair=5 order=capture_jsonl/off epoch_off_ms=4085.104 epoch_on_ms=5901.744 equivalent=PASS
2026-09-03 00:34:27,153 | INFO | family=latent phase=warmup pair=0 order=off/capture_jsonl epoch_off_ms=16884.604 epoch_on_ms=12255.901 equivalent=PASS
2026-09-03 00:34:54,192 | INFO | family=latent phase=warmup pair=1 order=capture_jsonl/off epoch_off_ms=11140.213 epoch_on_ms=12870.085 equivalent=PASS
2026-09-03 00:35:47,649 | INFO | family=latent phase=measured pair=0 order=off/capture_jsonl epoch_off_ms=20349.647 epoch_on_ms=26997.816 equivalent=PASS
2026-09-03 00:36:27,281 | INFO | family=latent phase=measured pair=1 order=capture_jsonl/off epoch_off_ms=18126.056 epoch_on_ms=19339.978 equivalent=PASS
2026-09-03 00:36:57,409 | INFO | family=latent phase=measured pair=2 order=off/capture_jsonl epoch_off_ms=5693.806 epoch_on_ms=21880.701 equivalent=PASS
2026-09-03 00:37:25,052 | INFO | family=latent phase=measured pair=3 order=capture_jsonl/off epoch_off_ms=15875.375 epoch_on_ms=8621.561 equivalent=PASS
2026-09-03 00:38:05,948 | INFO | family=latent phase=measured pair=4 order=off/capture_jsonl epoch_off_ms=17273.104 epoch_on_ms=20824.672 equivalent=PASS
2026-09-03 00:38:46,046 | INFO | family=latent phase=measured pair=5 order=capture_jsonl/off epoch_off_ms=20208.059 epoch_on_ms=17049.001 equivalent=PASS
2026-09-03 00:38:47,386 | INFO | result=PASS trainer_runs=48 events=1040 artifacts=C:\Users\23145\Desktop\腾讯犀牛鸟\实战阶段\YOLO-Master-E3-P1\artifacts\p1-engine\p1e-20260903-cpu-trainer-v3
